2011-06-30 candidates 1369 rows so far 1289
2012-06-29 candidates 6728 rows so far 5035
2013-06-28 candidates 7952 rows so far 9150
2014-06-30 candidates 7726 rows so far 13321
2015-06-30 candidates 7551 rows so far 17577
2016-06-30 candidates 7281 rows so far 21831
2017-06-30 candidates 6814 rows so far 25993
2018-06-29 candidates 6490 rows so far 30060
2019-06-28 candidates 6283 rows so far 34113
2020-06-30 candidates 6092 rows so far 38134
2021-06-30 candidates 6133 rows so far 42249
2022-06-30 candidates 6895 rows so far 46626
PANEL DONE
mcap/float: n=5745, median=1.043, <0.7=1.06%, >1.5=14.59%
             R  pool_recent_10k  float_top1500  coverage_price_%  of_which_in_U_%  U1500_size  top1500_mcap_rows  removed_by_liquidity  financial_in_top1500  mcap_cutoff_$bn
0   2011-06-30             1369           1260              36.7             27.5         361                477                     7                   112             0.08
1   2012-06-29             6728           1500              36.3             27.7         579                949                   203                   231             0.05
2   2013-06-28             7952           1500              38.1             29.1         636               1055                   241                   253             0.05
3   2014-06-30             7726           1500              39.9             30.3         718               1137                   221                   272             0.05
4   2015-06-30             7551           1500              40.8             30.6         757               1191                   220                   289             0.05
5   2016-06-30             7281           1500              42.2             32.2         771               1224                   234                   294             0.05
6   2017-06-30             6814           1500              44.7             34.1         813               1260                   215                   298             0.05
7   2018-06-29             6490           1500              45.3             34.3         854               1323                   228                   311             0.05
8   2019-06-28             6283           1500              46.8             35.7         879               1368                   248                   328             0.05
9   2020-06-30             6092           1500              48.1             36.3         906               1419                   267                   330             0.05
10  2021-06-30             6133           1500              48.9             37.6        1054               1500                   175                   334             0.12
11  2022-06-30             6895           1500              51.9             40.4        1032               1500                   181                   338             0.17
