r004_Q_LOWACC_overall_W_IV done
r004_Q_LOWACC_overall_W_CAP done
r004_Q_LOWACC_overall_F1 done
r004_Q_LOWACC_overall_F2 done
r004_Q_LOWACC_overall_SECCAP done
r004_Q_LOWACC_overall_BUFFER done
r004_C_SHYQMOM_overall_W_IV done
r004_C_SHYQMOM_overall_W_CAP done
r004_C_SHYQMOM_overall_F1 done
r004_C_SHYQMOM_overall_F2 done
r004_C_SHYQMOM_overall_SECCAP done
r004_C_SHYQMOM_overall_BUFFER done
                         trial_id  dec_sharpe  dec_sharpe_ew  dec_sharpe_spy  dec_cagr  dec_cagr_ew  dec_maxdd  dec_maxdd_ew  S1_10  S1_25  S2_share    DSR  S6_avg_n  S6_min_n  info_sharpe  info_sharpe_ew
73     r004_Q_LOWACC_overall_W_IV       0.842          0.640           0.681     0.169        0.125     -0.355        -0.376   True   True     1.000  0.645    63.250        51        0.906           1.137
74    r004_Q_LOWACC_overall_W_CAP       0.929          0.640           0.681     0.190        0.125     -0.286        -0.376   True   True     0.946  0.189    63.250        51        1.020           1.137
75       r004_Q_LOWACC_overall_F1       0.837          0.625           0.681     0.185        0.123     -0.386        -0.377   True  False     1.000  0.687    63.750        51        0.770           1.123
76       r004_Q_LOWACC_overall_F2       0.826          0.625           0.681     0.188        0.124     -0.386        -0.377  False  False     1.000  0.623    64.125        51        0.885           1.108
77   r004_Q_LOWACC_overall_SECCAP       0.863          0.640           0.681     0.186        0.125     -0.362        -0.376   True   True     1.000  0.672    63.250        51        0.787           1.137
78   r004_Q_LOWACC_overall_BUFFER       0.872          0.640           0.681     0.190        0.125     -0.347        -0.376   True   True     1.000  0.674    63.250        51        0.780           1.137
79    r004_C_SHYQMOM_overall_W_IV       0.780          0.614           0.681     0.143        0.122     -0.344        -0.384  False  False     0.703  0.046    64.340        51        1.314           1.093
80   r004_C_SHYQMOM_overall_W_CAP       0.923          0.614           0.681     0.178        0.122     -0.300        -0.384   True   True     0.973  0.125    64.340        51        1.219           1.093
81      r004_C_SHYQMOM_overall_F1       0.707          0.625           0.681     0.135        0.124     -0.371        -0.377  False  False     0.649  0.029    64.167        51        1.088           1.108
82      r004_C_SHYQMOM_overall_F2       0.666          0.640           0.681     0.128        0.125     -0.347        -0.376  False  False     0.649  0.011    63.417        51        1.139           1.137
83  r004_C_SHYQMOM_overall_SECCAP       0.825          0.614           0.681     0.156        0.122     -0.350        -0.384  False  False     1.000  0.162    64.340        51        1.161           1.093
84  r004_C_SHYQMOM_overall_BUFFER       0.787          0.614           0.681     0.149        0.122     -0.372        -0.384  False  False     0.703  0.121    64.340        51        1.210           1.093
CANDIDATES: []
