r002_B_QV_overall done
r002_B_QV_sector done
r002_B_QUAL_overall done
r002_B_QUAL_sector done
r002_B_FV_overall done
r002_B_FV_sector done
r002_B_SHYQ_overall done
r002_B_SHYQ_sector done
r002_B_QVI_overall done
r002_B_QVI_sector done
r002_B_QARP_overall done
r002_B_QARP_sector done
               trial_id  dec_sharpe  dec_sharpe_ew  dec_sharpe_spy  dec_cagr  dec_cagr_ew  dec_maxdd  dec_maxdd_ew  S1_10  S1_25  S2_share    DSR  S6_avg_n  S6_min_n  info_sharpe  info_sharpe_ew
45    r002_B_QV_overall       0.509           0.64           0.681     0.112        0.125     -0.457        -0.376  False  False     0.405  0.033    63.417        51        1.017           1.137
46     r002_B_QV_sector       0.552           0.64           0.681     0.116        0.125     -0.436        -0.376  False  False     0.378  0.029    63.417        51        1.215           1.137
47  r002_B_QUAL_overall       0.755           0.64           0.681     0.151        0.125     -0.323        -0.376  False  False     0.838  0.240    63.417        51        0.890           1.137
48   r002_B_QUAL_sector       0.712           0.64           0.681     0.137        0.125     -0.351        -0.376  False  False     0.541  0.108    63.417        51        0.954           1.137
49    r002_B_FV_overall       0.489           0.64           0.681     0.104        0.125     -0.471        -0.376  False  False     0.216  0.011    58.583        50        1.160           1.137
50     r002_B_FV_sector       0.532           0.64           0.681     0.108        0.125     -0.413        -0.376  False  False     0.405  0.004    58.583        50        1.106           1.137
51  r002_B_SHYQ_overall       0.821           0.64           0.681     0.176        0.125     -0.384        -0.376  False  False     1.000  0.703    63.417        51        1.211           1.137
52   r002_B_SHYQ_sector       0.700           0.64           0.681     0.141        0.125     -0.401        -0.376  False  False     0.622  0.223    63.417        51        1.288           1.137
53   r002_B_QVI_overall       0.628           0.64           0.681     0.135        0.125     -0.406        -0.376  False  False     0.784  0.106    63.333        51        1.099           1.137
54    r002_B_QVI_sector       0.624           0.64           0.681     0.127        0.125     -0.402        -0.376  False  False     0.514  0.056    63.333        51        1.165           1.137
55  r002_B_QARP_overall       0.582           0.64           0.681     0.125        0.125     -0.423        -0.376  False  False     0.622  0.065    63.417        51        0.941           1.137
56   r002_B_QARP_sector       0.592           0.64           0.681     0.120        0.125     -0.404        -0.376  False  False     0.216  0.027    63.417        51        1.111           1.137
CANDIDATES: []
