r003_C_MOM_overall done
r003_C_MOM_sector done
r003_C_LOWVOL_overall done
r003_C_LOWVOL_sector done
r003_C_TREND_overall done
r003_C_TREND_sector done
r003_C_HI52_overall done
r003_C_HI52_sector done
r003_C_QMOM_overall done
r003_C_QMOM_sector done
r003_C_SHYQMOM_overall done
r003_C_SHYQMOM_sector done
r003_C_QLOWVOL_overall done
r003_C_QLOWVOL_sector done
r003_C_VMOM_overall done
r003_C_VMOM_sector done
                  trial_id  dec_sharpe  dec_sharpe_ew  dec_sharpe_spy  dec_cagr  dec_cagr_ew  dec_maxdd  dec_maxdd_ew  S1_10  S1_25  S2_share    DSR  S6_avg_n  S6_min_n  info_sharpe  info_sharpe_ew
57      r003_C_MOM_overall       0.626          0.614           0.681     0.116        0.122     -0.359        -0.384  False  False     0.189  0.016    64.507        51        0.922           1.093
58       r003_C_MOM_sector       0.627          0.614           0.681     0.115        0.122     -0.370        -0.384  False  False     0.108  0.012    64.507        51        1.049           1.093
59   r003_C_LOWVOL_overall       0.677          0.614           0.681     0.105        0.122     -0.319        -0.384  False  False     0.297  0.007    64.535        51        1.633           1.093
60    r003_C_LOWVOL_sector       0.605          0.614           0.681     0.103        0.122     -0.347        -0.384  False  False     0.135  0.003    64.535        51        1.451           1.093
61    r003_C_TREND_overall       0.701          0.614           0.681     0.130        0.122     -0.347        -0.384  False  False     0.595  0.040    64.535        51        1.052           1.093
62     r003_C_TREND_sector       0.701          0.614           0.681     0.128        0.122     -0.346        -0.384  False  False     0.541  0.035    64.535        51        1.124           1.093
63     r003_C_HI52_overall       0.667          0.614           0.681     0.109        0.122     -0.304        -0.384  False  False     0.432  0.008    64.535        51        1.282           1.093
64      r003_C_HI52_sector       0.609          0.614           0.681     0.103        0.122     -0.321        -0.384  False  False     0.135  0.003    64.535        51        1.256           1.093
65     r003_C_QMOM_overall       0.793          0.614           0.681     0.148        0.122     -0.328        -0.384  False  False     0.892  0.119    64.340        51        0.905           1.093
66      r003_C_QMOM_sector       0.631          0.614           0.681     0.114        0.122     -0.346        -0.384  False  False     0.216  0.010    64.340        51        1.045           1.093
67  r003_C_SHYQMOM_overall       0.824          0.614           0.681     0.156        0.122     -0.350        -0.384  False  False     1.000  0.301    64.340        51        1.182           1.093
68   r003_C_SHYQMOM_sector       0.710          0.614           0.681     0.128        0.122     -0.356        -0.384  False  False     0.459  0.035    64.340        51        1.207           1.093
69  r003_C_QLOWVOL_overall       0.737          0.614           0.681     0.124        0.122     -0.310        -0.384  False  False     0.459  0.020    64.368        51        1.537           1.093
70   r003_C_QLOWVOL_sector       0.699          0.614           0.681     0.122        0.122     -0.341        -0.384  False  False     0.270  0.017    64.368        51        1.392           1.093
71     r003_C_VMOM_overall       0.550          0.614           0.681     0.102        0.122     -0.383        -0.384  False  False     0.324  0.003    64.507        51        0.988           1.093
72      r003_C_VMOM_sector       0.563          0.614           0.681     0.104        0.122     -0.388        -0.384  False  False     0.081  0.002    64.507        51        1.013           1.093
CANDIDATES: []
