r003_C_MOM_overall done
r003_C_MOM_sector done
r003_C_LOWVOL_overall done
r003_C_LOWVOL_sector done
r003_C_TREND_overall done
r003_C_TREND_sector done
r003_C_HI52_overall done
r003_C_HI52_sector done
r003_C_QMOM_overall done
r003_C_QMOM_sector done
r003_C_SHYQMOM_overall done
r003_C_SHYQMOM_sector done
r003_C_QLOWVOL_overall done
r003_C_QLOWVOL_sector done
r003_C_VMOM_overall done
r003_C_VMOM_sector done
                  trial_id  dec_sharpe  dec_sharpe_ew  dec_sharpe_spy  dec_cagr  dec_cagr_ew  dec_maxdd  dec_maxdd_ew  S1_10  S1_25  S2_share    DSR  S6_avg_n  S6_min_n  info_sharpe  info_sharpe_ew
57      r003_C_MOM_overall       0.558          0.614           0.681     0.101        0.122     -0.364        -0.384  False  False     0.000  0.004    61.910         0        0.822           1.093
58       r003_C_MOM_sector       0.555          0.614           0.681     0.101        0.122     -0.376        -0.384  False  False     0.000  0.002    61.910         0        0.904           1.093
59   r003_C_LOWVOL_overall       0.717          0.614           0.681     0.111        0.122     -0.320        -0.384  False  False     0.297  0.009    64.535        51        1.599           1.093
60    r003_C_LOWVOL_sector       0.600          0.614           0.681     0.102        0.122     -0.348        -0.384  False  False     0.135  0.002    64.535        51        1.445           1.093
61    r003_C_TREND_overall       0.695          0.614           0.681     0.129        0.122     -0.349        -0.384  False  False     0.595  0.032    64.535        51        1.045           1.093
62     r003_C_TREND_sector       0.709          0.614           0.681     0.130        0.122     -0.347        -0.384  False  False     0.595  0.035    64.535        51        1.104           1.093
63     r003_C_HI52_overall       0.668          0.614           0.681     0.109        0.122     -0.304        -0.384  False  False     0.405  0.007    64.535        51        1.253           1.093
64      r003_C_HI52_sector       0.602          0.614           0.681     0.102        0.122     -0.321        -0.384  False  False     0.135  0.002    64.535        51        1.265           1.093
65     r003_C_QMOM_overall       0.762          0.614           0.681     0.140        0.122     -0.326        -0.384  False  False     0.892  0.064    61.736         0        0.782           1.093
66      r003_C_QMOM_sector       0.618          0.614           0.681     0.111        0.122     -0.350        -0.384  False  False     0.189  0.007    61.736         0        0.836           1.093
67  r003_C_SHYQMOM_overall       0.787          0.614           0.681     0.148        0.122     -0.359        -0.384  False  False     0.784  0.162    61.736         0        0.962           1.093
68   r003_C_SHYQMOM_sector       0.666          0.614           0.681     0.117        0.122     -0.353        -0.384  False  False     0.081  0.008    61.736         0        1.021           1.093
69  r003_C_QLOWVOL_overall       0.732          0.614           0.681     0.123        0.122     -0.314        -0.384  False  False     0.432  0.017    64.368        51        1.550           1.093
70   r003_C_QLOWVOL_sector       0.697          0.614           0.681     0.120        0.122     -0.338        -0.384  False  False     0.270  0.012    64.368        51        1.409           1.093
71     r003_C_VMOM_overall       0.529          0.614           0.681     0.097        0.122     -0.390        -0.384  False  False     0.108  0.002    61.910         0        0.821           1.093
72      r003_C_VMOM_sector       0.486          0.614           0.681     0.089        0.122     -0.391        -0.384  False  False     0.000  0.000    61.910         0        0.908           1.093
CANDIDATES: []
